#-----------------------------------------------------------
# Vivado v2018.2.2 (64-bit)
# SW Build 2348494 on Mon Oct  1 18:25:44 MDT 2018
# IP Build 2318053 on Mon Oct  1 21:44:26 MDT 2018
# Start of session at: Sat Dec 22 13:33:26 2018
# Process ID: 4072
# Current directory: C:/Google Drive/Lessons/University/3rd Semester/CS 223/Project/Project/project
# Command line: vivado.exe -gui_launcher_event rodinguilauncherevent13812 C:\Google Drive\Lessons\University\3rd Semester\CS 223\Project\Project\project\project.xpr
# Log file: C:/Google Drive/Lessons/University/3rd Semester/CS 223/Project/Project/project/vivado.log
# Journal file: C:/Google Drive/Lessons/University/3rd Semester/CS 223/Project/Project/project\vivado.jou
#-----------------------------------------------------------
start_gui
open_project {C:/Google Drive/Lessons/University/3rd Semester/CS 223/Project/Project/project/project.xpr}
update_compile_order -fileset sources_1
reset_run synth_1
launch_runs impl_1 -to_step write_bitstream -jobs 2
wait_on_run impl_1
open_hw
connect_hw_server
open_hw_target
set_property PROGRAM.FILE {C:/Google Drive/Lessons/University/3rd Semester/CS 223/Project/Project/project/project.runs/impl_1/project.bit} [get_hw_devices xc7a35t_0]
current_hw_device [get_hw_devices xc7a35t_0]
refresh_hw_device -update_hw_probes false [lindex [get_hw_devices xc7a35t_0] 0]
set_property PROBES.FILE {} [get_hw_devices xc7a35t_0]
set_property FULL_PROBES.FILE {} [get_hw_devices xc7a35t_0]
set_property PROGRAM.FILE {C:/Google Drive/Lessons/University/3rd Semester/CS 223/Project/Project/project/project.runs/impl_1/project.bit} [get_hw_devices xc7a35t_0]
program_hw_devices [get_hw_devices xc7a35t_0]
refresh_hw_device [lindex [get_hw_devices xc7a35t_0] 0]
reset_run synth_1
launch_runs impl_1 -to_step write_bitstream -jobs 2
wait_on_run impl_1
disconnect_hw_server localhost:3121
connect_hw_server
disconnect_hw_server localhost:3121
connect_hw_server
open_hw_target
set_property PROGRAM.FILE {C:/Google Drive/Lessons/University/3rd Semester/CS 223/Project/Project/project/project.runs/impl_1/project.bit} [get_hw_devices xc7a35t_0]
current_hw_device [get_hw_devices xc7a35t_0]
refresh_hw_device -update_hw_probes false [lindex [get_hw_devices xc7a35t_0] 0]
set_property PROBES.FILE {} [get_hw_devices xc7a35t_0]
set_property FULL_PROBES.FILE {} [get_hw_devices xc7a35t_0]
set_property PROGRAM.FILE {C:/Google Drive/Lessons/University/3rd Semester/CS 223/Project/Project/project/project.runs/impl_1/project.bit} [get_hw_devices xc7a35t_0]
program_hw_devices [get_hw_devices xc7a35t_0]
refresh_hw_device [lindex [get_hw_devices xc7a35t_0] 0]
close_hw
reset_run synth_1
launch_runs impl_1 -to_step write_bitstream -jobs 2
wait_on_run impl_1
reset_run synth_1
launch_runs impl_1 -to_step write_bitstream -jobs 2
wait_on_run impl_1
open_hw
connect_hw_server
open_hw_target
set_property PROGRAM.FILE {C:/Google Drive/Lessons/University/3rd Semester/CS 223/Project/Project/project/project.runs/impl_1/project.bit} [get_hw_devices xc7a35t_0]
current_hw_device [get_hw_devices xc7a35t_0]
refresh_hw_device -update_hw_probes false [lindex [get_hw_devices xc7a35t_0] 0]
set_property PROBES.FILE {} [get_hw_devices xc7a35t_0]
set_property FULL_PROBES.FILE {} [get_hw_devices xc7a35t_0]
set_property PROGRAM.FILE {C:/Google Drive/Lessons/University/3rd Semester/CS 223/Project/Project/project/project.runs/impl_1/project.bit} [get_hw_devices xc7a35t_0]
program_hw_devices [get_hw_devices xc7a35t_0]
refresh_hw_device [lindex [get_hw_devices xc7a35t_0] 0]
set_property PROBES.FILE {} [get_hw_devices xc7a35t_0]
set_property FULL_PROBES.FILE {} [get_hw_devices xc7a35t_0]
set_property PROGRAM.FILE {C:/Google Drive/Lessons/University/3rd Semester/CS 223/Project/Project/project/project.runs/impl_1/project.bit} [get_hw_devices xc7a35t_0]
program_hw_devices [get_hw_devices xc7a35t_0]
reset_run synth_1
launch_runs impl_1 -to_step write_bitstream -jobs 2
wait_on_run impl_1
set_property PROBES.FILE {} [get_hw_devices xc7a35t_0]
set_property FULL_PROBES.FILE {} [get_hw_devices xc7a35t_0]
set_property PROGRAM.FILE {C:/Google Drive/Lessons/University/3rd Semester/CS 223/Project/Project/project/project.runs/impl_1/project.bit} [get_hw_devices xc7a35t_0]
program_hw_devices [get_hw_devices xc7a35t_0]
refresh_hw_device [lindex [get_hw_devices xc7a35t_0] 0]
reset_run synth_1
launch_runs impl_1 -to_step write_bitstream -jobs 2
wait_on_run impl_1
set_property PROBES.FILE {} [get_hw_devices xc7a35t_0]
set_property FULL_PROBES.FILE {} [get_hw_devices xc7a35t_0]
set_property PROGRAM.FILE {C:/Google Drive/Lessons/University/3rd Semester/CS 223/Project/Project/project/project.runs/impl_1/project.bit} [get_hw_devices xc7a35t_0]
program_hw_devices [get_hw_devices xc7a35t_0]
refresh_hw_device [lindex [get_hw_devices xc7a35t_0] 0]
reset_run synth_1
launch_runs impl_1 -to_step write_bitstream -jobs 2
wait_on_run impl_1
set_property PROBES.FILE {} [get_hw_devices xc7a35t_0]
set_property FULL_PROBES.FILE {} [get_hw_devices xc7a35t_0]
set_property PROGRAM.FILE {C:/Google Drive/Lessons/University/3rd Semester/CS 223/Project/Project/project/project.runs/impl_1/project.bit} [get_hw_devices xc7a35t_0]
program_hw_devices [get_hw_devices xc7a35t_0]
refresh_hw_device [lindex [get_hw_devices xc7a35t_0] 0]
